// Jest Snapshot v1, https://goo.gl/fbAQLP

exports[`tests the Product rendering by intercepting FETCH call: cart 1`] = `
<table
  class="table table-cart"
>
  <thead>
    <tr>
      <th
        class="th-product"
        width="25%"
      >
        Product
      </th>
      <th
        width="20%"
      >
        Unit price
      </th>
      <th
        width="10%"
      >
        Quanity
      </th>
      <th
        width="25%"
      >
        Total
      </th>
    </tr>
  </thead>
  <tbody>
    <tr>
      <td>
        <img
          alt=""
          height="30"
          src="https://res.cloudinary.com/dbfn5lnvx/image/upload/â€¦07769454/react-tutorial/products/final/cheese.png"
          width="30"
        />
         
        Cheese
      </td>
      <td>
        $
        10
      </td>
      <td>
        3
      </td>
      <td>
        <strong>
          $
          30
        </strong>
      </td>
    </tr>
  </tbody>
  <tfoot>
    <tr>
      <th
        colspan="2"
      />
      <th
        class="cart-highlight"
      >
        Total
      </th>
      <th
        class="cart-highlight"
      >
        $
        30
      </th>
    </tr>
  </tfoot>
</table>
`;

exports[`tests the Product rendering by intercepting FETCH call: nutrition 1`] = `
<table
  class="table table-nutrition"
>
  <thead>
    <tr>
      <th>
        Nutrient
      </th>
      <th>
        Value
      </th>
    </tr>
  </thead>
  <tbody>
    <tr>
      <td>
        Protein
      </td>
      <td>
        25
        g
      </td>
    </tr>
    <tr>
      <td>
        Carbohydrates
      </td>
      <td>
        1.3
        g
      </td>
    </tr>
    <tr>
      <td>
        Fat
      </td>
      <td>
        33
        g
      </td>
    </tr>
    <tr>
      <td>
        Salt
      </td>
      <td>
        1
        g
      </td>
    </tr>
  </tbody>
</table>
`;
